?   	github.com/tonyredondo/dd-ci-testing-poc/cmd/ddtest	[no test files]
ok  	github.com/tonyredondo/dd-ci-testing-poc/integration	223.907s
ok  	github.com/tonyredondo/dd-ci-testing-poc/internal/citransport	1.097s
ok  	github.com/tonyredondo/dd-ci-testing-poc/internal/instrument	1.008s
ok  	github.com/tonyredondo/dd-ci-testing-poc/internal/minitracer	2.278s
ok  	github.com/tonyredondo/dd-ci-testing-poc/internal/runner	1.148s
?   	github.com/tonyredondo/dd-ci-testing-poc/internal/thirdparty/dd-trace-go	[no test files]
ok  	github.com/tonyredondo/dd-ci-testing-poc/internal/thirdparty/dd-trace-go/bazel	1.015s
?   	github.com/tonyredondo/dd-ci-testing-poc/internal/thirdparty/dd-trace-go/civisibility	[no test files]
?   	github.com/tonyredondo/dd-ci-testing-poc/internal/thirdparty/dd-trace-go/civisibility/constants	[no test files]
ok  	github.com/tonyredondo/dd-ci-testing-poc/internal/thirdparty/dd-trace-go/civisibility/envconfig	1.008s
ok  	github.com/tonyredondo/dd-ci-testing-poc/internal/thirdparty/dd-trace-go/civisibility/integrations	4.357s
ok  	github.com/tonyredondo/dd-ci-testing-poc/internal/thirdparty/dd-trace-go/civisibility/integrations/gotesting	1.074s
ok  	github.com/tonyredondo/dd-ci-testing-poc/internal/thirdparty/dd-trace-go/civisibility/integrations/gotesting/coverage	8.523s
ok  	github.com/tonyredondo/dd-ci-testing-poc/internal/thirdparty/dd-trace-go/civisibility/integrations/logs	1.063s
ok  	github.com/tonyredondo/dd-ci-testing-poc/internal/thirdparty/dd-trace-go/civisibility/utils	41.160s
ok  	github.com/tonyredondo/dd-ci-testing-poc/internal/thirdparty/dd-trace-go/civisibility/utils/filebitmap	1.007s
ok  	github.com/tonyredondo/dd-ci-testing-poc/internal/thirdparty/dd-trace-go/civisibility/utils/impactedtests	10.283s
ok  	github.com/tonyredondo/dd-ci-testing-poc/internal/thirdparty/dd-trace-go/civisibility/utils/net	16.543s
ok  	github.com/tonyredondo/dd-ci-testing-poc/internal/thirdparty/dd-trace-go/civisibility/utils/telemetry	1.009s
?   	github.com/tonyredondo/dd-ci-testing-poc/internal/thirdparty/dd-trace-go/ddtrace/ext	[no test files]
?   	github.com/tonyredondo/dd-ci-testing-poc/internal/thirdparty/dd-trace-go/env	[no test files]
ok  	github.com/tonyredondo/dd-ci-testing-poc/internal/thirdparty/dd-trace-go/globalconfig	3.025s
?   	github.com/tonyredondo/dd-ci-testing-poc/internal/thirdparty/dd-trace-go/hostname	[no test files]
?   	github.com/tonyredondo/dd-ci-testing-poc/internal/thirdparty/dd-trace-go/hostname/azure	[no test files]
?   	github.com/tonyredondo/dd-ci-testing-poc/internal/thirdparty/dd-trace-go/hostname/cachedfetch	[no test files]
?   	github.com/tonyredondo/dd-ci-testing-poc/internal/thirdparty/dd-trace-go/hostname/ec2	[no test files]
?   	github.com/tonyredondo/dd-ci-testing-poc/internal/thirdparty/dd-trace-go/hostname/ecs	[no test files]
?   	github.com/tonyredondo/dd-ci-testing-poc/internal/thirdparty/dd-trace-go/hostname/gce	[no test files]
?   	github.com/tonyredondo/dd-ci-testing-poc/internal/thirdparty/dd-trace-go/hostname/httputils	[no test files]
?   	github.com/tonyredondo/dd-ci-testing-poc/internal/thirdparty/dd-trace-go/hostname/validate	[no test files]
?   	github.com/tonyredondo/dd-ci-testing-poc/internal/thirdparty/dd-trace-go/locking	[no test files]
?   	github.com/tonyredondo/dd-ci-testing-poc/internal/thirdparty/dd-trace-go/log	[no test files]
ok  	github.com/tonyredondo/dd-ci-testing-poc/internal/thirdparty/dd-trace-go/osinfo	1.006s
?   	github.com/tonyredondo/dd-ci-testing-poc/internal/thirdparty/dd-trace-go/stacktrace	[no test files]
ok  	github.com/tonyredondo/dd-ci-testing-poc/internal/thirdparty/dd-trace-go/telemetry	1.028s
?   	github.com/tonyredondo/dd-ci-testing-poc/internal/thirdparty/dd-trace-go/telemetry/internal	[no test files]
?   	github.com/tonyredondo/dd-ci-testing-poc/internal/thirdparty/dd-trace-go/telemetry/internal/knownmetrics	[no test files]
?   	github.com/tonyredondo/dd-ci-testing-poc/internal/thirdparty/dd-trace-go/telemetry/internal/mapper	[no test files]
?   	github.com/tonyredondo/dd-ci-testing-poc/internal/thirdparty/dd-trace-go/telemetry/internal/transport	[no test files]
ok  	github.com/tonyredondo/dd-ci-testing-poc/internal/thirdparty/dd-trace-go/telemetry/telemetrytest	1.015s
?   	github.com/tonyredondo/dd-ci-testing-poc/internal/thirdparty/dd-trace-go/urlsanitizer	[no test files]
ok  	github.com/tonyredondo/dd-ci-testing-poc/internal/thirdparty/fwd	1.095s
ok  	github.com/tonyredondo/dd-ci-testing-poc/internal/thirdparty/msgp/msgp	163.300s
ok  	github.com/tonyredondo/dd-ci-testing-poc/internal/thirdparty/msgp/msgp/setof	1.011s
ok  	github.com/tonyredondo/dd-ci-testing-poc/internal/thirdparty/xsys/unix	1.037s
ok  	github.com/tonyredondo/dd-ci-testing-poc/internal/thirdparty/xsys/windows/registry	1.006s
?   	github.com/tonyredondo/dd-ci-testing-poc/internal/version	[no test files]
ok  	github.com/tonyredondo/dd-ci-testing-poc/propagation	1.007s
?   	github.com/tonyredondo/dd-ci-testing-poc/scripts/internal/messagepack	[no test files]
ok  	github.com/tonyredondo/dd-ci-testing-poc/scripts/msgpackgen	1.007s
?   	github.com/tonyredondo/dd-ci-testing-poc/scripts/vendor-msgpack	[no test files]
?   	github.com/tonyredondo/dd-ci-testing-poc/testopt	[no test files]
